// Jest Snapshot v1, https://goo.gl/fbAQLP

exports[`renders correctly 1`] = `
<View
  style={
    Array [
      Object {
        "alignItems": "center",
        "backgroundColor": undefined,
        "borderRadius": 12,
        "flex": 1,
        "flexDirection": "row",
        "justifyContent": "space-between",
        "marginTop": 10,
        "paddingHorizontal": 16,
        "paddingVertical": 16,
      },
      Object {},
    ]
  }
>
  <Text />
  <View
    accessibilityState={
      Object {
        "disabled": false,
      }
    }
    accessible={true}
    collapsable={false}
    focusable={true}
    onBlur={[Function]}
    onClick={[Function]}
    onFocus={[Function]}
    onResponderGrant={[Function]}
    onResponderMove={[Function]}
    onResponderRelease={[Function]}
    onResponderTerminate={[Function]}
    onResponderTerminationRequest={[Function]}
    onStartShouldSetResponder={[Function]}
    style={
      Array [
        Object {},
      ]
    }
  >
    <View
      collapsable={false}
      style={
        Object {
          "borderColor": undefined,
          "borderRadius": 12,
          "borderWidth": 1,
          "padding": 8,
          "transform": Array [
            Object {
              "scale": 1,
            },
          ],
        }
      }
    >
      <Text>
        Check Copyright information
      </Text>
    </View>
  </View>
</View>
`;
